current directory: /home/whimehime/repo/EJM/backend/vendor/bundle/ruby/3.1.0/gems/prism-1.9.0/ext/prism
/usr/bin/ruby3.1 -I /usr/lib/ruby/vendor_ruby -r ./siteconf20260925-123990-iig3lt.rb extconf.rb
checking for prism.h in /home/whimehime/repo/EJM/backend/vendor/bundle/ruby/3.1.0/gems/prism-1.9.0/include... yes
checking for prism/extension.h in /home/whimehime/repo/EJM/backend/vendor/bundle/ruby/3.1.0/gems/prism-1.9.0/ext... yes
checking for whether -fvisibility=hidden is accepted as CFLAGS... yes
creating Makefile

current directory: /home/whimehime/repo/EJM/backend/vendor/bundle/ruby/3.1.0/gems/prism-1.9.0/ext/prism
make DESTDIR\= clean

current directory: /home/whimehime/repo/EJM/backend/vendor/bundle/ruby/3.1.0/gems/prism-1.9.0/ext/prism
make DESTDIR\=
compiling api_node.c
compiling api_pack.c
compiling ./../../src/diagnostic.c
compiling ./../../src/encoding.c
compiling extension.c
compiling ./../../src/node.c
compiling ./../../src/options.c
compiling ./../../src/pack.c
compiling ./../../src/util/pm_buffer.c
compiling ./../../src/util/pm_char.c
compiling ./../../src/util/pm_constant_pool.c
compiling ./../../src/util/pm_integer.c
compiling ./../../src/util/pm_list.c
compiling ./../../src/util/pm_memchr.c
compiling ./../../src/util/pm_newline_list.c
compiling ./../../src/util/pm_string.c
compiling ./../../src/util/pm_strncasecmp.c
compiling ./../../src/util/pm_strpbrk.c
compiling ./../../src/prettyprint.c
compiling ./../../src/prism.c
compiling ./../../src/regexp.c
compiling ./../../src/serialize.c
compiling ./../../src/static_literals.c
compiling ./../../src/token_type.c
linking shared-object prism/prism.so

current directory: /home/whimehime/repo/EJM/backend/vendor/bundle/ruby/3.1.0/gems/prism-1.9.0/ext/prism
make DESTDIR\= install
/usr/bin/install -c -m 0755 prism.so ./.gem.20260925-123990-4m0n0j/prism
