current directory: /home/whimehime/repo/EJM/backend/vendor/bundle/ruby/3.1.0/gems/io-console-0.9.4/ext/io/console
/usr/bin/ruby3.1 -I /usr/lib/ruby/vendor_ruby -r ./siteconf20260925-123990-n9u48q.rb extconf.rb
checking for rb_interned_str_cstr()... yes
checking for rb_ractor_local_storage_value_newkey()... yes
checking for rb_io_descriptor() in ruby/io.h... yes
checking for rb_io_path() in ruby/io.h... no
checking for rb_io_closed_p() in ruby/io.h... no
checking for rb_io_open_descriptor() in ruby/io.h... no
checking for termios.h... yes
checking for cfmakeraw() in termios.h... yes
checking for sys/ioctl.h... yes
checking for HAVE_RUBY_FIBER_SCHEDULER_H... yes
checking for rb_category_warn()... yes
checking for RB_WARN_CATEGORY_DEPRECATED... yes
checking for ttyname_r()... yes
checking for type of ttyname_r()... int
checking for rb_prepend_module()... yes
checking for gperf... no
creating Makefile

current directory: /home/whimehime/repo/EJM/backend/vendor/bundle/ruby/3.1.0/gems/io-console-0.9.4/ext/io/console
make DESTDIR\= clean

current directory: /home/whimehime/repo/EJM/backend/vendor/bundle/ruby/3.1.0/gems/io-console-0.9.4/ext/io/console
make DESTDIR\=
compiling console.c
linking shared-object io/console.so

current directory: /home/whimehime/repo/EJM/backend/vendor/bundle/ruby/3.1.0/gems/io-console-0.9.4/ext/io/console
make DESTDIR\= install
/usr/bin/install -c -m 0755 console.so ./.gem.20260925-123990-wim0fm/io
